// Jest Snapshot v1, https://goo.gl/fbAQLP

exports[`toRegExp: accept flags 1`] = `/123/i`;

exports[`toRegExp: default 1`] = `/123/`;

exports[`toString: throw error if empty 1`] = `"Output is empty."`;
